lin alg / total (elapsed)

kat12-31
10.28 sec 12.37 sec
9.54 sec 11.55 sec
9.66 sec 11.72 sec

kat12-31 alligned cfs
8.83 sec 10.98 sec
9.27 sec 11.49 sec
8.57 sec 10.69 sec


kat12-21
13.24 sec 15.40 sec
12.89 sec 15.00 sec
13.47 sec 15.54 sec


kat14-31
792.56 sec 831.08 sec


kat14-21
1022.04 sec 1063.31 sec


kat11-qq (initial) (only total time) (elapsed / cpu)
62.20 sec  63.57 sec
64.13 sec  63.94 sec
63.57 sec  63.44 sec


kat11-qq (prime change) (only total time) (elapsed / cpu)
75.27 sec  74.49 sec
74.45 sec  74.45 sec
74.73 sec  75.51 sec

kat11-qq (float version) (only total time) (elapsed / cpu)
72.18 sec  72.14 sec
72.97 sec  72.92 sec
73.26 sec  73.30 sec